This is pdfTeX, Version 3.14159265-2.6-1.40.20 (TeX Live 2019/Debian) (preloaded format=pdflatex 2022.5.28)  28 JUN 2022 12:09
entering extended mode
 restricted \write18 enabled.
 %&-line parsing enabled.
**ISPRSguidelines_authors_fullpaper.tex
(./ISPRSguidelines_authors_fullpaper.tex
LaTeX2e <2020-02-02> patch level 2
L3 programming layer <2020-02-14> (./isprs.cls
Document Class: isprs 2000/01/15 Class for ISPRS Publications
(/usr/share/texlive/texmf-dist/tex/latex/psnfss/times.sty
Package: times 2005/04/12 PSNFSS-v9.2a (SPQR) 
)
(/usr/share/texlive/texmf-dist/tex/latex/graphics/epsfig.sty
Package: epsfig 2017/06/25 v1.7b (e)psfig emulation (SPQR)

(/usr/share/texlive/texmf-dist/tex/latex/graphics/graphicx.sty
Package: graphicx 2019/11/30 v1.2a Enhanced LaTeX Graphics (DPC,SPQR)

(/usr/share/texlive/texmf-dist/tex/latex/graphics/keyval.sty
Package: keyval 2014/10/28 v1.15 key=value parser (DPC)
\KV@toks@=\toks14
)
(/usr/share/texlive/texmf-dist/tex/latex/graphics/graphics.sty
Package: graphics 2019/11/30 v1.4a Standard LaTeX Graphics (DPC,SPQR)

(/usr/share/texlive/texmf-dist/tex/latex/graphics/trig.sty
Package: trig 2016/01/03 v1.10 sin cos tan (DPC)
)
(/usr/share/texlive/texmf-dist/tex/latex/graphics-cfg/graphics.cfg
File: graphics.cfg 2016/06/04 v1.11 sample graphics configuration
)
Package graphics Info: Driver file: pdftex.def on input line 105.

(/usr/share/texlive/texmf-dist/tex/latex/graphics-def/pdftex.def
File: pdftex.def 2018/01/08 v1.0l Graphics/color driver for pdftex
))
\Gin@req@height=\dimen134
\Gin@req@width=\dimen135
)
\epsfxsize=\dimen136
\epsfysize=\dimen137
)
(/usr/share/texlive/texmf-dist/tex/latex/base/article.cls
Document Class: article 2019/12/20 v1.4l Standard LaTeX document class
(/usr/share/texlive/texmf-dist/tex/latex/base/size10.clo
File: size10.clo 2019/12/20 v1.4l Standard LaTeX file (size option)
)
\c@part=\count167
\c@section=\count168
\c@subsection=\count169
\c@subsubsection=\count170
\c@paragraph=\count171
\c@subparagraph=\count172
\c@figure=\count173
\c@table=\count174
\abovecaptionskip=\skip47
\belowcaptionskip=\skip48
\bibindent=\dimen138
)
(/usr/share/texlive/texmf-dist/tex/latex/titlesec/titlesec.sty
Package: titlesec 2019/10/16 v2.13 Sectioning titles
\ttl@box=\box45
\beforetitleunit=\skip49
\aftertitleunit=\skip50
\ttl@plus=\dimen139
\ttl@minus=\dimen140
\ttl@toksa=\toks15
\titlewidth=\dimen141
\titlewidthlast=\dimen142
\titlewidthfirst=\dimen143
))
(/usr/share/texlive/texmf-dist/tex/latex/subfigure/subfigure.sty
Package: subfigure 2002/03/15 v2.1.5 subfigure package


Package subfigure Warning: Your document class has a bad definition
 of \endfigure, most likely
 \let\endfigure=\end@float
 which has now been changed to
 \def\endfigure{\end@float}
 because otherwise subsequent changes to \end@float
 (like done by several packages changing float behaviour)
 can't take effect on \endfigure.
 Please complain to your document class author.


Package subfigure Warning: Your document class has a bad definition
 of \endtable, most likely
 \let\endtable=\end@float
 which has now been changed to
 \def\endtable{\end@float}
 because otherwise subsequent changes to \end@float
 (like done by several packages changing float behaviour)
 can't take effect on \endtable.
 Please complain to your document class author.

\subfigtopskip=\skip51
\subfigcapskip=\skip52
\subfigcaptopadj=\dimen144
\subfigbottomskip=\skip53
\subfigcapmargin=\dimen145
\subfiglabelskip=\skip54
\c@subfigure=\count175
\c@lofdepth=\count176
\c@subtable=\count177
\c@lotdepth=\count178
****************************************
* Local config file subfigure.cfg used *
****************************************
(/usr/share/texlive/texmf-dist/tex/latex/subfigure/subfigure.cfg)
\subfig@top=\skip55
\subfig@bottom=\skip56
)
(/usr/share/texlive/texmf-dist/tex/latex/setspace/setspace.sty
Package: setspace 2011/12/19 v6.7a set line spacing
)
(/usr/share/texlive/texmf-dist/tex/latex/geometry/geometry.sty
Package: geometry 2020/01/02 v5.9 Page Geometry

(/usr/share/texlive/texmf-dist/tex/generic/iftex/ifvtex.sty
Package: ifvtex 2019/10/25 v1.7 ifvtex legacy package. Use iftex instead.

(/usr/share/texlive/texmf-dist/tex/generic/iftex/iftex.sty
Package: iftex 2019/11/07 v1.0c TeX engine tests
))
\Gm@cnth=\count179
\Gm@cntv=\count180
\c@Gm@tempcnt=\count181
\Gm@bindingoffset=\dimen146
\Gm@wd@mp=\dimen147
\Gm@odd@mp=\dimen148
\Gm@even@mp=\dimen149
\Gm@layoutwidth=\dimen150
\Gm@layoutheight=\dimen151
\Gm@layouthoffset=\dimen152
\Gm@layoutvoffset=\dimen153
\Gm@dimlist=\toks16
)
(/usr/share/texlive/texmf-dist/tex/latex/epstopdf-pkg/epstopdf.sty
Package: epstopdf 2020-01-24 v2.11 Conversion with epstopdf on the fly (HO)

(/usr/share/texlive/texmf-dist/tex/generic/infwarerr/infwarerr.sty
Package: infwarerr 2019/12/03 v1.5 Providing info/warning/error messages (HO)
)
(/usr/share/texlive/texmf-dist/tex/latex/grfext/grfext.sty
Package: grfext 2019/12/03 v1.3 Manage graphics extensions (HO)

(/usr/share/texlive/texmf-dist/tex/generic/kvdefinekeys/kvdefinekeys.sty
Package: kvdefinekeys 2019-12-19 v1.6 Define keys (HO)
))
(/usr/share/texlive/texmf-dist/tex/latex/kvoptions/kvoptions.sty
Package: kvoptions 2019/11/29 v3.13 Key value format for package options (HO)

(/usr/share/texlive/texmf-dist/tex/generic/ltxcmds/ltxcmds.sty
Package: ltxcmds 2019/12/15 v1.24 LaTeX kernel commands for general use (HO)
)
(/usr/share/texlive/texmf-dist/tex/generic/kvsetkeys/kvsetkeys.sty
Package: kvsetkeys 2019/12/15 v1.18 Key value parser (HO)
))
(/usr/share/texlive/texmf-dist/tex/latex/pdftexcmds/pdftexcmds.sty
Package: pdftexcmds 2019/11/24 v0.31 Utility functions of pdfTeX for LuaTeX (HO
)
Package pdftexcmds Info: \pdf@primitive is available.
Package pdftexcmds Info: \pdf@ifprimitive is available.
Package pdftexcmds Info: \pdfdraftmode found.
)
(/usr/share/texlive/texmf-dist/tex/latex/epstopdf-pkg/epstopdf-base.sty
Package: epstopdf-base 2020-01-24 v2.11 Base part for package epstopdf
Package epstopdf-base Info: Redefining graphics rule for `.eps' on input line 4
85.
Package grfext Info: Graphics extension search list:
(grfext)             [.pdf,.png,.jpg,.mps,.jpeg,.jbig2,.jb2,.PDF,.PNG,.JPG,.JPE
G,.JBIG2,.JB2,.eps]
(grfext)             \AppendGraphicsExtensions on input line 504.

(/usr/share/texlive/texmf-dist/tex/latex/latexconfig/epstopdf-sys.cfg
File: epstopdf-sys.cfg 2010/07/13 v1.3 Configuration of (r)epstopdf for TeX Liv
e
)))
(/usr/share/texlive/texmf-dist/tex/latex/caption/caption.sty
Package: caption 2020/01/03 v3.4h Customizing captions (AR)

(/usr/share/texlive/texmf-dist/tex/latex/caption/caption3.sty
Package: caption3 2020/01/03 v1.8h caption3 kernel (AR)
Package caption3 Info: TeX engine: e-TeX on input line 61.
\captionmargin=\dimen154
\captionmargin@=\dimen155
\captionwidth=\dimen156
\caption@tempdima=\dimen157
\caption@indent=\dimen158
\caption@parindent=\dimen159
\caption@hangindent=\dimen160
Package caption Info: Unknown document class (or package),
(caption)             standard defaults will be used.
Package caption Info: \@makecaption = \long macro:#1#2->\vskip 4\p@ \setbox \@t
empboxa \hbox {#1: #2}\ifdim \wd \@tempboxa >\hsize #1: #2\par \else \hbox to\h
size {\hfil \box \@tempboxa \hfil }\fi  on input line 1082.
)

Package caption Warning: Unknown document class (or package),
(caption)                standard defaults will be used.
See the caption package documentation for explanation.

\c@caption@flags=\count182
\c@continuedfloat=\count183
Package caption Info: subfigure package is loaded.
) (/usr/share/texlive/texmf-dist/tex/generic/babel/babel.sty
Package: babel 2020/02/14 3.40 The Babel package

(/usr/share/texlive/texmf-dist/tex/generic/babel/switch.def
File: switch.def 2020/02/14 3.40 Babel switching mechanism
)
(/usr/share/texlive/texmf-dist/tex/generic/babel-english/british.ldf
Language: british 2017/06/06 v3.3r English support from the babel system

(/usr/share/texlive/texmf-dist/tex/generic/babel-english/english.ldf
Language: english 2017/06/06 v3.3r English support from the babel system

(/usr/share/texlive/texmf-dist/tex/generic/babel/babel.def
File: babel.def 2020/02/14 3.40 Babel common definitions
\babel@savecnt=\count184
\U@D=\dimen161

(/usr/share/texlive/texmf-dist/tex/generic/babel/txtbabel.def)
\bbl@readstream=\read2
\bbl@dirlevel=\count185
)
Package babel Info: \l@british = using hyphenrules for english
(babel)             (\language0) on input line 82.
Package babel Info: \l@UKenglish = using hyphenrules for english
(babel)             (\language0) on input line 83.
Package babel Info: \l@canadian = using hyphenrules for english
(babel)             (\language0) on input line 102.
Package babel Info: \l@australian = using hyphenrules for english
(babel)             (\language0) on input line 105.
Package babel Info: \l@newzealand = using hyphenrules for english
(babel)             (\language0) on input line 108.
)))
(/usr/share/texlive/texmf-dist/tex/latex/footmisc/footmisc.sty
Package: footmisc 2011/06/06 v5.5b a miscellany of footnote facilities
\FN@temptoken=\toks17
\footnotemargin=\dimen162
\c@pp@next@reset=\count186
Package footmisc Info: Declaring symbol style bringhurst on input line 855.
Package footmisc Info: Declaring symbol style chicago on input line 863.
Package footmisc Info: Declaring symbol style wiley on input line 872.
Package footmisc Info: Declaring symbol style lamport-robust on input line 883.

Package footmisc Info: Declaring symbol style lamport* on input line 903.
Package footmisc Info: Declaring symbol style lamport*-robust on input line 924
.
)
(/usr/share/texlive/texmf-dist/tex/latex/tools/tabularx.sty
Package: tabularx 2020/01/15 v2.11c `tabularx' package (DPC)

(/usr/share/texlive/texmf-dist/tex/latex/tools/array.sty
Package: array 2019/08/31 v2.4l Tabular extension package (FMi)
\col@sep=\dimen163
\ar@mcellbox=\box46
\extrarowheight=\dimen164
\NC@list=\toks18
\extratabsurround=\skip57
\backup@length=\skip58
\ar@cellbox=\box47
)
\TX@col@width=\dimen165
\TX@old@table=\dimen166
\TX@old@col=\dimen167
\TX@target=\dimen168
\TX@delta=\dimen169
\TX@cols=\count187
\TX@ftn=\toks19
)
(/usr/share/texlive/texmf-dist/tex/latex/l3backend/l3backend-pdfmode.def
File: l3backend-pdfmode.def 2020-02-03 L3 backend support: PDF mode
\l__kernel_color_stack_int=\count188
\l__pdf_internal_box=\box48
)
(./ISPRSguidelines_authors_fullpaper.aux)
\openout1 = `ISPRSguidelines_authors_fullpaper.aux'.

LaTeX Font Info:    Checking defaults for OML/cmm/m/it on input line 35.
LaTeX Font Info:    ... okay on input line 35.
LaTeX Font Info:    Checking defaults for OMS/cmsy/m/n on input line 35.
LaTeX Font Info:    ... okay on input line 35.
LaTeX Font Info:    Checking defaults for OT1/cmr/m/n on input line 35.
LaTeX Font Info:    ... okay on input line 35.
LaTeX Font Info:    Checking defaults for T1/cmr/m/n on input line 35.
LaTeX Font Info:    ... okay on input line 35.
LaTeX Font Info:    Checking defaults for TS1/cmr/m/n on input line 35.
LaTeX Font Info:    ... okay on input line 35.
LaTeX Font Info:    Checking defaults for OMX/cmex/m/n on input line 35.
LaTeX Font Info:    ... okay on input line 35.
LaTeX Font Info:    Checking defaults for U/cmr/m/n on input line 35.
LaTeX Font Info:    ... okay on input line 35.
LaTeX Font Info:    Trying to load font information for OT1+ptm on input line 3
5.

(/usr/share/texlive/texmf-dist/tex/latex/psnfss/ot1ptm.fd
File: ot1ptm.fd 2001/06/04 font definitions for OT1/ptm.
)
(/usr/share/texlive/texmf-dist/tex/context/base/mkii/supp-pdf.mkii
[Loading MPS to PDF converter (version 2006.09.02).]
\scratchcounter=\count189
\scratchdimen=\dimen170
\scratchbox=\box49
\nofMPsegments=\count190
\nofMParguments=\count191
\everyMPshowfont=\toks20
\MPscratchCnt=\count192
\MPscratchDim=\dimen171
\MPnumerator=\count193
\makeMPintoPDFobject=\count194
\everyMPtoPDFconversion=\toks21
)
*geometry* driver: auto-detecting
*geometry* detected driver: pdftex
*geometry* verbose mode - [ preamble ] result:
* driver: pdftex
* paper: a4paper
* layout: <same size as paper>
* layoutoffset:(h,v)=(0.0pt,0.0pt)
* modes: 
* h-part:(L,W,R)=(56.9055pt, 483.69687pt, 56.9055pt)
* v-part:(T,H,B)=(71.13188pt, 702.78308pt, 71.13188pt)
* \paperwidth=597.50787pt
* \paperheight=845.04684pt
* \textwidth=483.69687pt
* \textheight=702.78308pt
* \oddsidemargin=-15.36449pt
* \evensidemargin=-15.36449pt
* \topmargin=-41.59085pt
* \headheight=12.0pt
* \headsep=28.45274pt
* \topskip=9.0pt
* \footskip=34.1433pt
* \marginparwidth=0.0pt
* \marginparsep=0.0pt
* \columnsep=17.07182pt
* \skip\footins=8.0pt plus 4.0pt minus 2.0pt
* \hoffset=0.0pt
* \voffset=0.0pt
* \mag=1000
* \@twocolumntrue
* \@twosidefalse
* \@mparswitchfalse
* \@reversemarginfalse
* (1in=72.27pt=25.4mm, 1cm=28.453pt)

Package caption Info: Begin \AtBeginDocument code.
Package caption Info: End \AtBeginDocument code.
LaTeX Font Info:    Calculating math sizes for size <9.25> on input line 63.

LaTeX Font Warning: Font shape `OT1/cmr/m/n' in size <6.47496> not available
(Font)              size <6> substituted on input line 63.


LaTeX Font Warning: Font shape `OML/cmm/m/it' in size <6.47496> not available
(Font)              size <6> substituted on input line 63.


LaTeX Font Warning: Font shape `OMS/cmsy/m/n' in size <6.47496> not available
(Font)              size <6> substituted on input line 63.

LaTeX Font Info:    External font `cmex10' loaded for size
(Font)              <9.25> on input line 63.
LaTeX Font Info:    External font `cmex10' loaded for size
(Font)              <6.47496> on input line 63.
LaTeX Font Info:    External font `cmex10' loaded for size
(Font)              <4.625> on input line 63.
[1{/var/lib/texmf/fonts/map/pdftex/updmap/pdftex.map}


]
Underfull \hbox (badness 4060) in paragraph at lines 113--114
\OT1/ptm/m/n/9.25 The eMO-TIONAL Cities project col-lects mostly vec-tor
 []

<figures/foss4g-survey-data.png, id=8, 573.14125pt x 576.1525pt>
File: figures/foss4g-survey-data.png Graphic file (type png)
<use figures/foss4g-survey-data.png>
Package pdftex.def Info: figures/foss4g-survey-data.png  used on input line 117
.
(pdftex.def)             Requested size: 233.31252pt x 234.5361pt.

Underfull \hbox (badness 1117) in paragraph at lines 129--130
[]|\OT1/ptm/m/n/9.25 Provides ac-cess to fea-ture
 []


Underfull \hbox (badness 10000) in paragraph at lines 130--132
[]|\OT1/ptm/m/n/9.25 Provides ac-cess to pre-
 []


Underfull \hbox (badness 10000) in paragraph at lines 132--133
[]|\OT1/ptm/m/n/9.25 Provides dis-cov-ery and
 []


Underfull \hbox (badness 3250) in paragraph at lines 132--133
\OT1/ptm/m/n/9.25 ac-cess to meta-data about
 []


Overfull \hbox (2.60095pt too wide) in paragraph at lines 127--135
 [][] 
 []

<figures/pygeoapi-data-providers.png, id=10, 350.2686pt x 170.0754pt>
File: figures/pygeoapi-data-providers.png Graphic file (type png)
<use figures/pygeoapi-data-providers.png>
Package pdftex.def Info: figures/pygeoapi-data-providers.png  used on input lin
e 164.
(pdftex.def)             Requested size: 233.31252pt x 113.28555pt.

Underfull \hbox (badness 1394) in paragraph at lines 170--171
[]\OT1/ptm/m/n/9.25 ElasticSearch is a search en-gine, dual-licensed un-der the

 []

[2 <./figures/foss4g-survey-data.png> <./figures/pygeoapi-data-providers.png>]
<figures/sdi-arch.png, id=17, 950.55125pt x 463.7325pt>
File: figures/sdi-arch.png Graphic file (type png)
<use figures/sdi-arch.png>
Package pdftex.def Info: figures/sdi-arch.png  used on input line 176.
(pdftex.def)             Requested size: 233.31252pt x 113.81711pt.
<figures/qgis-oaf.png, id=18, 356.7729pt x 210.7875pt>
File: figures/qgis-oaf.png Graphic file (type png)
<use figures/qgis-oaf.png>
Package pdftex.def Info: figures/qgis-oaf.png  used on input line 194.
(pdftex.def)             Requested size: 233.31252pt x 137.8465pt.

Underfull \hbox (badness 6893) in paragraph at lines 200--201
[]\OT1/ptm/m/n/9.25 The sup-port to OGC API - Tiles was merged into
 []


Underfull \hbox (badness 7099) in paragraph at lines 200--201
\OT1/ptm/m/n/9.25 the main branch of Open-Lay-ers, in Septem-ber 2021
 []

<figures/ol-oat.png, id=19, 621.522pt x 426.393pt>
File: figures/ol-oat.png Graphic file (type png)
<use figures/ol-oat.png>
Package pdftex.def Info: figures/ol-oat.png  used on input line 204.
(pdftex.def)             Requested size: 233.31252pt x 160.05963pt.
[3 <./figures/sdi-arch.png> <./figures/qgis-oaf.png> <./figures/ol-oat.png>]
<figures/sdi-legacy-arch.png, id=26, 748.7975pt x 359.3425pt>
File: figures/sdi-legacy-arch.png Graphic file (type png)
<use figures/sdi-legacy-arch.png>
Package pdftex.def Info: figures/sdi-legacy-arch.png  used on input line 224.
(pdftex.def)             Requested size: 233.31252pt x 111.96526pt.
<figures/ec-records.png, id=27, 533.5935pt x 367.1316pt>
File: figures/ec-records.png Graphic file (type png)
<use figures/ec-records.png>
Package pdftex.def Info: figures/ec-records.png  used on input line 256.
(pdftex.def)             Requested size: 233.31252pt x 160.53004pt.
<figures/crawlable-catalogue-stac.png, id=28, 621.522pt x 426.393pt>
File: figures/crawlable-catalogue-stac.png Graphic file (type png)
<use figures/crawlable-catalogue-stac.png>
Package pdftex.def Info: figures/crawlable-catalogue-stac.png  used on input li
ne 266.
(pdftex.def)             Requested size: 233.31252pt x 160.05963pt.
<figures/metadata-browser.png, id=29, 621.522pt x 426.393pt>
File: figures/metadata-browser.png Graphic file (type png)
<use figures/metadata-browser.png>
Package pdftex.def Info: figures/metadata-browser.png  used on input line 276.
(pdftex.def)             Requested size: 233.31252pt x 160.05963pt.

[4 <./figures/sdi-legacy-arch.png> <./figures/ec-records.png>]
(./ISPRSguidelines_authors_fullpaper.bbl
Underfull \hbox (badness 10000) in paragraph at lines 29--32
[]\OT1/ptm/m/n/9.25 Docker Inc., 2022. Docker Com-pose.
 []


Underfull \hbox (badness 1629) in paragraph at lines 34--37
[]\OT1/ptm/m/n/9.25 Elastic, 2022a. Elas-tic Li-cence. elastic.co/licensing/ela
stic-
 []


Underfull \hbox (badness 10000) in paragraph at lines 50--53
[]\OT1/ptm/m/n/9.25 GeoPython, 2022. py-geoapi docker im-age.
 []


Underfull \hbox (badness 10000) in paragraph at lines 60--63
[]\OT1/ptm/m/n/9.25 GeoSolutions, 2022b. Map-Store. map-
 []


Underfull \hbox (badness 6725) in paragraph at lines 65--68
[]\OT1/ptm/m/n/9.25 Go FAIR, 2022. FAIR Prin-ci-ples. www.go-fair.org/fair-
 []

[5 <./figures/crawlable-catalogue-stac.png> <./figures/metadata-browser.png>]
Underfull \hbox (badness 2134) in paragraph at lines 95--99
[]\OT1/ptm/m/n/9.25 Kralidis, T. and Brury, A. and Du-binin, M. and Tzot-
 []


Underfull \hbox (badness 10000) in paragraph at lines 95--99
\OT1/ptm/m/n/9.25 sos, A. and Duiv-en-vo-orde, R., 2022. Metasearch.
 []


Underfull \hbox (badness 10000) in paragraph at lines 95--99
\OT1/ptm/m/n/9.25 github.com/qgis/QGIS/tree/master/python/plugins/MetaSearch
 []


Underfull \hbox (badness 10000) in paragraph at lines 101--104
[]\OT1/ptm/m/n/9.25 Mapbox team, 2022. Tippeca-noe. Github.
 []


Underfull \hbox (badness 1708) in paragraph at lines 126--130
[]\OT1/ptm/m/n/9.25 OGC, 2022a. OGC API - En-vi-ron-men-tal Data Re-trieval.
 []


Underfull \hbox (badness 10000) in paragraph at lines 126--130
\OT1/ptm/m/n/9.25 Github. github.com/opengeospatial/ogcapi-environmental-
 []


Underfull \hbox (badness 10000) in paragraph at lines 132--135
[]\OT1/ptm/m/n/9.25 OGC, 2022b. OGC API - Fea-tures. Github.
 []


Underfull \hbox (badness 10000) in paragraph at lines 137--140
[]\OT1/ptm/m/n/9.25 OGC, 2022c. OGC API - Pro-cesses. Github.
 []


Underfull \hbox (badness 10000) in paragraph at lines 142--146
[]\OT1/ptm/m/n/9.25 OGC, 2022d. OGC API Fea-tures Im-ple-
 []


Underfull \hbox (badness 10000) in paragraph at lines 142--146
\OT1/ptm/m/n/9.25 men-ta-tions. github.com/opengeospatial/ogcapi-
 []


Underfull \hbox (badness 10000) in paragraph at lines 148--151
[]\OT1/ptm/m/n/9.25 OGC, 2022e. OGC API Records - En-cod-ings.
 []


Underfull \hbox (badness 10000) in paragraph at lines 148--151
\OT1/ptm/m/n/9.25 docs.ogc.org/DRAFTS/20-004.html#clause-encodings (01
 []


Underfull \hbox (badness 10000) in paragraph at lines 153--156
[]\OT1/ptm/m/n/9.25 OGC, 2022f. OGC API Records - Overview.
 []


Underfull \hbox (badness 10000) in paragraph at lines 153--156
\OT1/ptm/m/n/9.25 docs.ogc.org/DRAFTS/20-004.html#overview (01 May
 []


Underfull \hbox (badness 10000) in paragraph at lines 158--162
[]\OT1/ptm/m/n/9.25 OGC, 2022g. OGC API Records Im-ple-
 []


Underfull \hbox (badness 10000) in paragraph at lines 158--162
\OT1/ptm/m/n/9.25 men-ta-tions. github.com/opengeospatial/ogcapi-
 []


Underfull \hbox (badness 10000) in paragraph at lines 164--168
[]\OT1/ptm/m/n/9.25 OGC, 2022h. OGC API Tiles Im-ple-men-
 []


Underfull \hbox (badness 10000) in paragraph at lines 164--168
\OT1/ptm/m/n/9.25 ta-tions. github.com/opengeospatial/ogcapi-
 []


Underfull \hbox (badness 10000) in paragraph at lines 170--173
[]\OT1/ptm/m/n/9.25 OpenAPI Ini-tia-tive, 2011. Ope-nAPI Spec-i-fi-ca-tion.
 []


Underfull \hbox (badness 10000) in paragraph at lines 175--178
\OT1/ptm/m/n/9.25 osgeo.org/events/joint-ogc-osgeo-asf-code-sprint-2021 (01
 []


Underfull \hbox (badness 10000) in paragraph at lines 185--189
[]\OT1/ptm/m/n/9.25 OSGeo and OGC, 2022. MEM-O-RAN-
 []


Underfull \hbox (badness 10000) in paragraph at lines 185--189
\OT1/ptm/m/n/9.25 DUM OF UN-DER-STAND-ING. osgeo.org/wp-
 []


Underfull \hbox (badness 10000) in paragraph at lines 185--189
\OT1/ptm/m/n/9.25 content/uploads/MOU[]OGC[]OSGeo[]2022[]signed.pdf (31
 []


Underfull \hbox (badness 10000) in paragraph at lines 198--202
[]\OT1/ptm/m/n/9.25 pygeoapi Team, 2022. py-geoapi Data
 []


Underfull \hbox (badness 10000) in paragraph at lines 198--202
\OT1/ptm/m/n/9.25 Providers. docs.pygeoapi.io/en/stable/data-
 []


Underfull \hbox (badness 10000) in paragraph at lines 204--207
[]\OT1/ptm/m/n/9.25 Radiant Earth Foun-da-tion, 2022. Stack Browser.
 []


Underfull \hbox (badness 10000) in paragraph at lines 215--218
[]\OT1/ptm/m/n/9.25 Simoes, J., 2022. emotional-cities/ol-oat.
 []


Underfull \hbox (badness 10000) in paragraph at lines 220--224
[]\OT1/ptm/m/n/9.25 Simoes, J., Cer-ciello, A., 2022a. De-liv-er-able 3.1 -
 []


Underfull \hbox (badness 10000) in paragraph at lines 220--224
\OT1/ptm/m/n/9.25 data man-age-ment plan i. emotionalcities-h2020.eu/wp-
 []


Overfull \hbox (41.03104pt too wide) in paragraph at lines 220--224
\OT1/ptm/m/n/9.25 content/uploads/2022/02/eMC[]2021.08[]D3.1[]Data[]Management[
]Plan.pdf
 []

) [6]
<figures/docker-compose-all.png, id=44, 1851.91875pt x 484.81125pt>
File: figures/docker-compose-all.png Graphic file (type png)
<use figures/docker-compose-all.png>
Package pdftex.def Info: figures/docker-compose-all.png  used on input line 349
.
(pdftex.def)             Requested size: 483.69687pt x 126.62495pt.
<figures/docker-compose-legacy.png, id=45, 1847.90375pt x 257.96375pt>
File: figures/docker-compose-legacy.png Graphic file (type png)
<use figures/docker-compose-legacy.png>
Package pdftex.def Info: figures/docker-compose-legacy.png  used on input line 
357.
(pdftex.def)             Requested size: 483.69687pt x 67.52165pt.
 [7

 <./figures/docker-compose-all.png> <./figures/docker-compose-legacy.png>] (./I
SPRSguidelines_authors_fullpaper.aux)

LaTeX Font Warning: Size substitutions with differences
(Font)              up to 0.47496pt have occurred.

 ) 
Here is how much of TeX's memory you used:
 4745 strings out of 483183
 74885 string characters out of 5966292
 333046 words of memory out of 5000000
 19677 multiletter control sequences out of 15000+600000
 544866 words of font info for 44 fonts, out of 8000000 for 9000
 14 hyphenation exceptions out of 8191
 46i,11n,42p,1170b,386s stack positions out of 5000i,500n,10000p,200000b,80000s
{/usr/share/texlive/texmf-dist/fonts/enc/dvips/base/8r.enc}</usr/share/texliv
e/texmf-dist/fonts/type1/public/amsfonts/cm/cmsy9.pfb></usr/share/texlive/texmf
-dist/fonts/type1/urw/times/utmb8a.pfb></usr/share/texlive/texmf-dist/fonts/typ
e1/urw/times/utmr8a.pfb></usr/share/texlive/texmf-dist/fonts/type1/urw/times/ut
mri8a.pfb>
Output written on ISPRSguidelines_authors_fullpaper.pdf (7 pages, 3171567 bytes
).
PDF statistics:
 68 PDF objects out of 1000 (max. 8388607)
 32 compressed objects within 1 object stream
 0 named destinations out of 1000 (max. 500000)
 56 words of extra memory for PDF output out of 10000 (max. 10000000)

